Script started on Monday 17 February 2020 10:58:41 AM IST
]0;s4c2@CC2-25: ~/ceccs18c16/1702s4c2@CC2-25:~/ceccs18c16/1702$ sshcs1[K[K[K cs18c10@192.168.0,[K.30
.
              |
.  .    . .-. | .-..-. .--.--. .-.
 \  \  / (.-' |(  (   )|  |  |(.-'
  `' `'   `--'` `-'`-' '  '  ` `--'
cs18c10@192.168.0.30's password: 

]0;s4c2@CC2-25: ~/ceccs18c16/1702s4c2@CC2-25:~/ceccs18c16/1702$ 1ssh cs18c10@192.168.0.301[C[C[C[1P@192.168.0.3016@192.168.0.301[C[C[C[C[C[C[C[C[C[C[C[C[C[C[K
.
              |
.  .    . .-. | .-..-. .--.--. .-.
 \  \  / (.-' |(  (   )|  |  |(.-'
  `' `'   `--'` `-'`-' '  '  ` `--'
cs18c16@192.168.0.30's password: 
Welcome to elementary OS 0.4.1 Loki (GNU/Linux 4.13.0-32-generic x86_64)

 * Website:  http://elementary.io/

402 packages can be updated.
0 updates are security updates.

$ ls
0702  3101  examples.desktop
$ cd
$ cd 0	702
$ pwd
/home/cs18c16/0702
$ ls
Report.txt  work.txt
$ cat Report.txt
CEC CS 18 c16
07-02-2020
Emmanuel Shine Joseph

--------------------------------
#1: Aim/task
Networking tasks (t3)
---------------------------------
Command/Shell script/Program name

ifconfig
ifconfig -a
ifconfig eth0
route
route add
netstat -a




--------------------------------
Output: or Input & Output (whichever is applicable)
#ifconfig -interface configuration 
#ifconfig - viewing all network setting
#ifconfig -a - Display information of all network interfaces
#ifconfig eth0- View network setting of specific interface
#netstat -a - gives all the information about the networks.

-------------------
Remarks if any:





-------------------------------------
-------------------------------------










$ ^[[A^[[A^[[A            exity 
Connection to 192.168.0.30 closed.
]0;s4c2@CC2-25: ~/ceccs18c16/1702s4c2@CC2-25:~/ceccs18c16/1702$ gedit temp1.txt
]0;s4c2@CC2-25: ~/ceccs18c16/1702s4c2@CC2-25:~/ceccs18c16/1702$ ssh cs18c16@192.168.0. 30[K[K[K30
.
              |
.  .    . .-. | .-..-. .--.--. .-.
 \  \  / (.-' |(  (   )|  |  |(.-'
  `' `'   `--'` `-'`-' '  '  ` `--'
cs18c16@192.168.0.30's password: 
Welcome to elementary OS 0.4.1 Loki (GNU/Linux 4.13.0-32-generic x86_64)

 * Website:  http://elementary.io/

402 packages can be updated.
0 updates are security updates.

Last login: Mon Feb 17 11:04:57 2020 from 192.168.0.187
$ ls
0702  3101  examples.desktop
$ exit
Connection to 192.168.0.30 closed.
]0;s4c2@CC2-25: ~/ceccs18c16/1702s4c2@CC2-25:~/ceccs18c16/1702$ rsync -a[K[Ktemp1.te[Kxt cs18c16@192.168.0.30
]0;s4c2@CC2-25: ~/ceccs18c16/1702s4c2@CC2-25:~/ceccs18c16/1702$ rsync temp1.txt cs18c16@192.168.0.30:12[K702
.
              |
.  .    . .-. | .-..-. .--.--. .-.
 \  \  / (.-' |(  (   )|  |  |(.-'
  `' `'   `--'` `-'`-' '  '  ` `--'
cs18c16@192.168.0.30's password: 
]0;s4c2@CC2-25: ~/ceccs18c16/1702s4c2@CC2-25:~/ceccs18c16/1702$ ssh rsync temp1.txt cs18c16@192.168.0.30:1702[K[C[C[C[C[C[C[C[C[C[C[C[C[C[C[C[C[C[C[C[C[C[C[C[C[C[C[C[C[C[C[C[12Pssh[C[C[C[C[C[C[C[C[C[C[C[C[C[C[C[C[C[C[C[C[C
.
              |
.  .    . .-. | .-..-. .--.--. .-.
 \  \  / (.-' |(  (   )|  |  |(.-'
  `' `'   `--'` `-'`-' '  '  ` `--'
cs18c16@192.168.0.30's password: 
Welcome to elementary OS 0.4.1 Loki (GNU/Linux 4.13.0-32-generic x86_64)

 * Website:  http://elementary.io/

402 packages can be updated.
0 updates are security updates.

Last login: Mon Feb 17 11:13:29 2020 from 192.168.0.187
$ ls
0702  1702  3101  examples.desktop
$ cd 1702
-sh: 2: cd: can't cd to 1702
$ cd 1702
-sh: 3: cd: can't cd to 1702
$ ^[[A    clear
[3;J[H[2J$ 
$ cd
$ cdb  17	     k ls
0702  1702  3101  examples.desktop
$ cd 1702
-sh: 8: cd: can't cd to 1702
$ ^[[A^[[B^[[D            cd 1702/
-sh: 9: cd: can't cd to 1702/
$ exit
Connection to 192.168.0.30 closed.
]0;s4c2@CC2-25: ~/ceccs18c16/1702s4c2@CC2-25:~/ceccs18c16/1702$ xrsync [1P[C[C[C[C[C[1P [1P [1P [1P [1P s s h [C c s 1 8 c 1 6 @ 1 9 2 . 1 6 8 . 0 . 3 0 
.
              |
.  .    . .-. | .-..-. .--.--. .-.
 \  \  / (.-' |(  (   )|  |  |(.-'
  `' `'   `--'` `-'`-' '  '  ` `--'
cs18c16@192.168.0.30's password: 
Welcome to elementary OS 0.4.1 Loki (GNU/Linux 4.13.0-32-generic x86_64)

 * Website:  http://elementary.io/

402 packages can be updated.
0 updates are security updates.

Last login: Mon Feb 17 11:16:01 2020 from 192.168.0.187
$ ls
0702  1702  3101  examples.desktop
$ cd 1702
-sh: 2: cd: can't cd to 1702
$ cat 1702
college of Engineering
$ exit
Connection to 192.168.0.30 closed.
]0;s4c2@CC2-25: ~/ceccs18c16/1702s4c2@CC2-25:~/ceccs18c16/1702$ gedit [19@ssh cs18c16@192.168.0.30[C[Krsync temp1.txt cs18c16@192.168.0.30:1702[K[C[C[C[C[C[C[C[C[C[C[C[C[C[C[C[C[C[C[C[C[C[C[C[C[C[C[C[C[C[C[C[12Pssh[C[C[C[C[C[C[C[C[C[C[C[C[C[C[C[C[C[C[C[C[C[9Pgedit temp1.txtssh cs18c16@192.168.0.30[9Pgedit temp1.txtssh cs18c16@192.168.0.30[12@rsync temp1.txt[C[C[C[C[C[C[C[C[C[C[C[C[C[C[C[C[C[C[C[C[C:1702[C[C[C[C[C[C[C[C[C[C[C[C[C[C[C[C[C[C[C[C[C[C[C[C[C[C[C[C[C[C[C[17Pssh cs18c16@192.168.0.30 gedit [Ktemp2.txt
]0;s4c2@CC2-25: ~/ceccs18c16/1702s4c2@CC2-25:~/ceccs18c16/1702$ rsync -a temp2.txt ceccs18c16@192.168.0.30:./
.
              |
.  .    . .-. | .-..-. .--.--. .-.
 \  \  / (.-' |(  (   )|  |  |(.-'
  `' `'   `--'` `-'`-' '  '  ` `--'
ceccs18c16@192.168.0.30's password: 
Permission denied, please try again.
ceccs18c16@192.168.0.30's password: 
Permission denied, please try again.
ceccs18c16@192.168.0.30's password: 
Permission denied (publickey,password).
rsync: connection unexpectedly closed (0 bytes received so far) [sender]
rsync error: unexplained error (code 255) at io.c(226) [sender=3.1.0]
]0;s4c2@CC2-25: ~/ceccs18c16/1702s4c2@CC2-25:~/ceccs18c16/1702$ rsync -a temp2.txt ceccs18c16@192.168.0.30:./[C[C[C[C[C[C[C[C[C[C[C[C[C[C[C[C[C[C[C[C[C[C[C[C[C[C[C[C[C[C[C[30Pgedit temp2.txtrsync -a temp2.txt ceccs18c16@192.168.0.30:./[1Ps18c16@192.168.0.30:./[1Pcs18c16@192.168.0.30:./[1Ps18c16@192.168.0.30:./
.
              |
.  .    . .-. | .-..-. .--.--. .-.
 \  \  / (.-' |(  (   )|  |  |(.-'
  `' `'   `--'` `-'`-' '  '  ` `--'
cs18c16@192.168.0.30's password: 
]0;s4c2@CC2-25: ~/ceccs18c16/1702s4c2@CC2-25:~/ceccs18c16/1702$ rsync -a temp2.txt cs18c16@192.168.0.30:./[C[C[C[C[C[C[C[C[C[C[C[C[C[C[C[C[C[C[C[C[C[C[C[C[C[C[C[C[C[C[C[Kssh rsync -a temp2.txt cs18c16@192.168.0.30:./[C[K[K[K[1P[1P cs18c16@192.168.0.30[1P[1P[1P[1P[1P[1P cs18c16@192.168.0.30[1P[1P[1P[1P[1P[1P[1P[1P[1Pssh [Kt cs18c16@192.168.0.30[1P cs18c16@192.168.0.30s cs18c16@192.168.0.30f cs18c16@192.168.0.30t cs18c16@192.168.0.30p cs18c16@192.168.0.30
.
              |
.  .    . .-. | .-..-. .--.--. .-.
 \  \  / (.-' |(  (   )|  |  |(.-'
  `' `'   `--'` `-'`-' '  '  ` `--'
cs18c16@192.168.0.30's password: 
Connected to 192.168.0.30.
sftp> ls
0702                1702                3101                examples.desktop    
temp2.txt           
sftp> 
]0;s4c2@CC2-25: ~/ceccs18c16/1702s4c2@CC2-25:~/ceccs18c16/1702$ exit

Script done on Monday 17 February 2020 11:23:51 AM IST
